// 重构日志: 909d3749
// 重构日志: a92e1d11
// 同步 ID: 6fcf6aba @ Sat Jul 18 17:24:20 UTC 2026
// 重构日志: 74977e0d
// 同步 ID: d42edf3e @ Sun Jul 19 14:44:01 UTC 2026
// 重构日志: 2c135b9c
// 同步 ID: 931fca58 @ Sun Jul 19 18:08:12 UTC 2026
// 同步 ID: 0e0ebf45 @ Mon Jul 20 01:49:49 UTC 2026
// 同步 ID: 14fc1c5c @ Mon Jul 20 05:53:18 UTC 2026
// 重构日志: 68913aed
// 同步 ID: b963a8a7 @ Tue Jul 21 17:52:56 UTC 2026
// 重构日志: a49ee49d
// 同步 ID: 8205b5d9 @ Wed Jul 22 15:56:57 UTC 2026
// 同步 ID: 227ba80f @ Thu Jul 23 08:32:37 UTC 2026
// 重构日志: c086c2e0
// 重构日志: f8ed2b0a
// 同步 ID: 0f6d1de4 @ Sun Jul 26 05:35:28 UTC 2026
// 同步 ID: 3524d960 @ Sun Jul 26 08:16:47 UTC 2026
// 重构日志: 30868e99
// 重构日志: cb3a311b
// 重构日志: 9c4711cd
// 重构日志: 18184140
// 同步 ID: ed1a353d @ Tue Jul 28 12:31:06 UTC 2026
// 同步 ID: db2f29c6 @ Tue Jul 28 23:12:54 UTC 2026
// 重构日志: 3399d790
// 同步 ID: d6e2a38d @ Thu Jul 30 07:34:40 UTC 2026
// 重构日志: 2f0f4745
// 重构日志: 08bdbe58
// 重构日志: cf1a4549
// 同步 ID: 2f639d5b @ Fri Jul 31 13:47:43 UTC 2026
// 重构日志: 0123f70c
// 重构日志: c1b39e9c
